mode: atomic
github.com/munisp/UmojaFlowOS/services/payment-engine/internal/observability/otel.go:24.69,26.42 2 0
github.com/munisp/UmojaFlowOS/services/payment-engine/internal/observability/otel.go:26.42,28.3 1 0
github.com/munisp/UmojaFlowOS/services/payment-engine/internal/observability/otel.go:29.2,30.42 2 0
github.com/munisp/UmojaFlowOS/services/payment-engine/internal/observability/otel.go:30.42,32.3 1 0
github.com/munisp/UmojaFlowOS/services/payment-engine/internal/observability/otel.go:33.2,41.16 2 0
github.com/munisp/UmojaFlowOS/services/payment-engine/internal/observability/otel.go:41.16,43.3 1 0
github.com/munisp/UmojaFlowOS/services/payment-engine/internal/observability/otel.go:44.2,45.16 2 0
github.com/munisp/UmojaFlowOS/services/payment-engine/internal/observability/otel.go:45.16,47.3 1 0
github.com/munisp/UmojaFlowOS/services/payment-engine/internal/observability/otel.go:48.2,56.31 4 0
github.com/munisp/UmojaFlowOS/services/payment-engine/internal/observability/otel.go:62.46,63.91 1 0
github.com/munisp/UmojaFlowOS/services/payment-engine/internal/observability/otel.go:63.91,65.58 2 0
github.com/munisp/UmojaFlowOS/services/payment-engine/internal/observability/otel.go:65.58,66.25 1 0
github.com/munisp/UmojaFlowOS/services/payment-engine/internal/observability/otel.go:66.25,68.5 1 0
github.com/munisp/UmojaFlowOS/services/payment-engine/internal/observability/otel.go:69.4,69.60 1 0
github.com/munisp/UmojaFlowOS/services/payment-engine/internal/observability/otel.go:71.3,71.23 1 0
github.com/munisp/UmojaFlowOS/services/payment-engine/internal/observability/otel.go:76.60,78.2 1 0
github.com/munisp/UmojaFlowOS/services/payment-engine/internal/observability/reconciliation_metrics.go:71.56,77.2 5 1
github.com/munisp/UmojaFlowOS/services/payment-engine/internal/observability/reconciliation_metrics.go:79.107,83.2 3 0
github.com/munisp/UmojaFlowOS/services/payment-engine/internal/observability/reconciliation_metrics.go:85.100,88.2 2 0
github.com/munisp/UmojaFlowOS/services/payment-engine/internal/observability/reconciliation_metrics.go:90.68,92.2 1 0
github.com/munisp/UmojaFlowOS/services/payment-engine/internal/observability/reconciliation_metrics.go:94.65,97.2 2 2
github.com/munisp/UmojaFlowOS/services/payment-engine/internal/observability/reconciliation_metrics.go:101.61,103.2 1 0
github.com/munisp/UmojaFlowOS/services/payment-engine/internal/observability/reconciliation_metrics.go:105.82,108.2 2 2
github.com/munisp/UmojaFlowOS/services/payment-engine/internal/observability/reconciliation_metrics.go:110.63,114.2 3 1
github.com/munisp/UmojaFlowOS/services/payment-engine/internal/observability/reconciliation_metrics.go:116.58,118.2 1 1
github.com/munisp/UmojaFlowOS/services/payment-engine/internal/observability/reconciliation_metrics.go:120.61,122.2 1 1
github.com/munisp/UmojaFlowOS/services/payment-engine/internal/observability/reconciliation_metrics.go:124.56,126.2 1 0
github.com/munisp/UmojaFlowOS/services/payment-engine/internal/observability/reconciliation_metrics.go:128.65,130.2 1 0
github.com/munisp/UmojaFlowOS/services/payment-engine/internal/observability/reconciliation_metrics.go:132.82,133.23 1 1
github.com/munisp/UmojaFlowOS/services/payment-engine/internal/observability/reconciliation_metrics.go:133.23,135.3 1 0
github.com/munisp/UmojaFlowOS/services/payment-engine/internal/observability/reconciliation_metrics.go:136.2,146.42 9 1
github.com/munisp/UmojaFlowOS/services/payment-engine/internal/observability/reconciliation_metrics.go:146.42,148.3 1 7
github.com/munisp/UmojaFlowOS/services/payment-engine/internal/observability/reconciliation_metrics.go:150.2,155.49 6 1
github.com/munisp/UmojaFlowOS/services/payment-engine/internal/observability/reconciliation_metrics.go:155.49,157.3 1 5
github.com/munisp/UmojaFlowOS/services/payment-engine/internal/observability/reconciliation_metrics.go:159.2,160.256 2 1
github.com/munisp/UmojaFlowOS/services/payment-engine/internal/observability/reconciliation_metrics.go:163.45,164.51 1 2
github.com/munisp/UmojaFlowOS/services/payment-engine/internal/observability/reconciliation_metrics.go:165.31,166.11 1 0
github.com/munisp/UmojaFlowOS/services/payment-engine/internal/observability/reconciliation_metrics.go:167.29,168.11 1 0
github.com/munisp/UmojaFlowOS/services/payment-engine/internal/observability/reconciliation_metrics.go:169.30,170.11 1 0
github.com/munisp/UmojaFlowOS/services/payment-engine/internal/observability/reconciliation_metrics.go:171.29,172.11 1 1
github.com/munisp/UmojaFlowOS/services/payment-engine/internal/observability/reconciliation_metrics.go:173.32,174.11 1 0
github.com/munisp/UmojaFlowOS/services/payment-engine/internal/observability/reconciliation_metrics.go:175.32,176.11 1 0
github.com/munisp/UmojaFlowOS/services/payment-engine/internal/observability/reconciliation_metrics.go:177.10,178.11 1 1
github.com/munisp/UmojaFlowOS/services/payment-engine/internal/observability/reconciliation_metrics.go:182.45,183.51 1 3
github.com/munisp/UmojaFlowOS/services/payment-engine/internal/observability/reconciliation_metrics.go:184.25,185.11 1 1
github.com/munisp/UmojaFlowOS/services/payment-engine/internal/observability/reconciliation_metrics.go:186.32,187.11 1 0
github.com/munisp/UmojaFlowOS/services/payment-engine/internal/observability/reconciliation_metrics.go:188.29,189.11 1 1
github.com/munisp/UmojaFlowOS/services/payment-engine/internal/observability/reconciliation_metrics.go:190.35,191.11 1 0
github.com/munisp/UmojaFlowOS/services/payment-engine/internal/observability/reconciliation_metrics.go:192.10,193.11 1 1
github.com/munisp/UmojaFlowOS/services/payment-engine/internal/observability/reconciliation_metrics.go:197.32,198.11 1 0
github.com/munisp/UmojaFlowOS/services/payment-engine/internal/observability/reconciliation_metrics.go:198.11,200.3 1 0
github.com/munisp/UmojaFlowOS/services/payment-engine/internal/observability/reconciliation_metrics.go:201.2,201.10 1 0
github.com/munisp/UmojaFlowOS/services/payment-engine/internal/reconciliation/fence.go:54.97,55.44 1 1
github.com/munisp/UmojaFlowOS/services/payment-engine/internal/reconciliation/fence.go:55.44,57.3 1 0
github.com/munisp/UmojaFlowOS/services/payment-engine/internal/reconciliation/fence.go:58.2,58.108 1 1
github.com/munisp/UmojaFlowOS/services/payment-engine/internal/reconciliation/fence.go:60.43,60.98 3 2
github.com/munisp/UmojaFlowOS/services/payment-engine/internal/reconciliation/fence.go:61.43,61.98 3 1
github.com/munisp/UmojaFlowOS/services/payment-engine/internal/reconciliation/fence.go:62.41,63.14 1 2
github.com/munisp/UmojaFlowOS/services/payment-engine/internal/reconciliation/fence.go:63.14,65.3 1 0
github.com/munisp/UmojaFlowOS/services/payment-engine/internal/reconciliation/fence.go:66.2,66.18 1 2
github.com/munisp/UmojaFlowOS/services/payment-engine/internal/reconciliation/fence.go:66.18,68.3 1 1
github.com/munisp/UmojaFlowOS/services/payment-engine/internal/reconciliation/fence.go:69.2,69.12 1 1
github.com/munisp/UmojaFlowOS/services/payment-engine/internal/reconciliation/fence.go:71.60,71.104 2 4
github.com/munisp/UmojaFlowOS/services/payment-engine/internal/reconciliation/fence.go:72.70,73.14 1 2
github.com/munisp/UmojaFlowOS/services/payment-engine/internal/reconciliation/fence.go:73.14,75.3 1 0
github.com/munisp/UmojaFlowOS/services/payment-engine/internal/reconciliation/fence.go:76.2,76.99 1 2
github.com/munisp/UmojaFlowOS/services/payment-engine/internal/reconciliation/fence.go:76.99,78.3 1 0
github.com/munisp/UmojaFlowOS/services/payment-engine/internal/reconciliation/fence.go:79.2,79.65 1 2
github.com/munisp/UmojaFlowOS/services/payment-engine/internal/reconciliation/fence.go:79.65,81.3 1 0
github.com/munisp/UmojaFlowOS/services/payment-engine/internal/reconciliation/fence.go:82.2,82.56 1 2
github.com/munisp/UmojaFlowOS/services/payment-engine/internal/reconciliation/fence.go:82.56,84.3 1 0
github.com/munisp/UmojaFlowOS/services/payment-engine/internal/reconciliation/fence.go:85.2,85.30 1 2
github.com/munisp/UmojaFlowOS/services/payment-engine/internal/reconciliation/fence.go:85.30,87.3 1 0
github.com/munisp/UmojaFlowOS/services/payment-engine/internal/reconciliation/fence.go:88.2,90.38 3 2
github.com/munisp/UmojaFlowOS/services/payment-engine/internal/reconciliation/fence.go:90.38,92.3 1 0
github.com/munisp/UmojaFlowOS/services/payment-engine/internal/reconciliation/fence.go:93.2,94.16 2 2
github.com/munisp/UmojaFlowOS/services/payment-engine/internal/reconciliation/fence.go:94.16,96.3 1 0
github.com/munisp/UmojaFlowOS/services/payment-engine/internal/reconciliation/fence.go:97.2,98.98 2 2
github.com/munisp/UmojaFlowOS/services/payment-engine/internal/reconciliation/fence.go:98.98,100.3 1 0
github.com/munisp/UmojaFlowOS/services/payment-engine/internal/reconciliation/fence.go:101.2,103.20 3 2
github.com/munisp/UmojaFlowOS/services/payment-engine/internal/reconciliation/fence.go:103.20,104.66 1 2
github.com/munisp/UmojaFlowOS/services/payment-engine/internal/reconciliation/fence.go:104.66,106.4 1 0
github.com/munisp/UmojaFlowOS/services/payment-engine/internal/reconciliation/fence.go:108.2,112.12 5 2
github.com/munisp/UmojaFlowOS/services/payment-engine/internal/reconciliation/fence.go:120.129,121.38 1 2
github.com/munisp/UmojaFlowOS/services/payment-engine/internal/reconciliation/fence.go:121.38,123.3 1 0
github.com/munisp/UmojaFlowOS/services/payment-engine/internal/reconciliation/fence.go:124.2,124.40 1 2
github.com/munisp/UmojaFlowOS/services/payment-engine/internal/reconciliation/fence.go:124.40,126.3 1 1
github.com/munisp/UmojaFlowOS/services/payment-engine/internal/reconciliation/fence.go:127.2,127.48 1 1
github.com/munisp/UmojaFlowOS/services/payment-engine/internal/reconciliation/fence.go:135.77,136.24 1 0
github.com/munisp/UmojaFlowOS/services/payment-engine/internal/reconciliation/fence.go:136.24,139.3 2 0
github.com/munisp/UmojaFlowOS/services/payment-engine/internal/reconciliation/fence.go:140.2,143.60 4 0
github.com/munisp/UmojaFlowOS/services/payment-engine/internal/reconciliation/fence.go:143.60,146.3 2 0
github.com/munisp/UmojaFlowOS/services/payment-engine/internal/reconciliation/fence.go:147.2,148.18 2 0
github.com/munisp/UmojaFlowOS/services/payment-engine/internal/reconciliation/fence.go:148.18,150.3 1 0
github.com/munisp/UmojaFlowOS/services/payment-engine/internal/reconciliation/fence.go:151.2,151.46 1 0
github.com/munisp/UmojaFlowOS/services/payment-engine/internal/reconciliation/fence.go:151.46,154.3 2 0
github.com/munisp/UmojaFlowOS/services/payment-engine/internal/reconciliation/fence.go:155.2,156.118 2 0
github.com/munisp/UmojaFlowOS/services/payment-engine/internal/reconciliation/idem_kafka_consumer.go:95.104,97.2 1 0
github.com/munisp/UmojaFlowOS/services/payment-engine/internal/reconciliation/idem_kafka_consumer.go:109.55,110.125 1 0
github.com/munisp/UmojaFlowOS/services/payment-engine/internal/reconciliation/idem_kafka_consumer.go:110.125,112.3 1 0
github.com/munisp/UmojaFlowOS/services/payment-engine/internal/reconciliation/idem_kafka_consumer.go:113.2,113.6 1 0
github.com/munisp/UmojaFlowOS/services/payment-engine/internal/reconciliation/idem_kafka_consumer.go:113.6,115.46 2 0
github.com/munisp/UmojaFlowOS/services/payment-engine/internal/reconciliation/idem_kafka_consumer.go:115.46,117.4 1 0
github.com/munisp/UmojaFlowOS/services/payment-engine/internal/reconciliation/idem_kafka_consumer.go:118.3,118.23 1 0
github.com/munisp/UmojaFlowOS/services/payment-engine/internal/reconciliation/idem_kafka_consumer.go:118.23,120.4 1 0
github.com/munisp/UmojaFlowOS/services/payment-engine/internal/reconciliation/idem_kafka_consumer.go:121.3,122.47 2 0
github.com/munisp/UmojaFlowOS/services/payment-engine/internal/reconciliation/idem_kafka_consumer.go:122.47,123.31 1 0
github.com/munisp/UmojaFlowOS/services/payment-engine/internal/reconciliation/idem_kafka_consumer.go:123.31,125.5 1 0
github.com/munisp/UmojaFlowOS/services/payment-engine/internal/reconciliation/idem_kafka_consumer.go:127.3,127.34 1 0
github.com/munisp/UmojaFlowOS/services/payment-engine/internal/reconciliation/idem_kafka_consumer.go:127.34,128.54 1 0
github.com/munisp/UmojaFlowOS/services/payment-engine/internal/reconciliation/idem_kafka_consumer.go:128.54,133.5 1 0
github.com/munisp/UmojaFlowOS/services/payment-engine/internal/reconciliation/idem_kafka_consumer.go:134.4,134.62 1 0
github.com/munisp/UmojaFlowOS/services/payment-engine/internal/reconciliation/idem_kafka_consumer.go:134.62,136.5 1 0
github.com/munisp/UmojaFlowOS/services/payment-engine/internal/reconciliation/idem_kafka_consumer.go:141.80,142.45 1 1
github.com/munisp/UmojaFlowOS/services/payment-engine/internal/reconciliation/idem_kafka_consumer.go:142.45,144.3 1 0
github.com/munisp/UmojaFlowOS/services/payment-engine/internal/reconciliation/idem_kafka_consumer.go:145.2,146.64 2 1
github.com/munisp/UmojaFlowOS/services/payment-engine/internal/reconciliation/idem_kafka_consumer.go:146.64,148.3 1 0
github.com/munisp/UmojaFlowOS/services/payment-engine/internal/reconciliation/idem_kafka_consumer.go:149.2,149.84 1 1
github.com/munisp/UmojaFlowOS/services/payment-engine/internal/reconciliation/idem_kafka_consumer.go:149.84,151.3 1 0
github.com/munisp/UmojaFlowOS/services/payment-engine/internal/reconciliation/idem_kafka_consumer.go:152.2,152.90 1 1
github.com/munisp/UmojaFlowOS/services/payment-engine/internal/reconciliation/idem_kafka_consumer.go:152.90,154.3 1 0
github.com/munisp/UmojaFlowOS/services/payment-engine/internal/reconciliation/idem_kafka_consumer.go:155.2,156.67 2 1
github.com/munisp/UmojaFlowOS/services/payment-engine/internal/reconciliation/idem_kafka_consumer.go:156.67,158.3 1 0
github.com/munisp/UmojaFlowOS/services/payment-engine/internal/reconciliation/idem_kafka_consumer.go:159.2,159.49 1 1
github.com/munisp/UmojaFlowOS/services/payment-engine/internal/reconciliation/idem_kafka_consumer.go:159.49,161.3 1 0
github.com/munisp/UmojaFlowOS/services/payment-engine/internal/reconciliation/idem_kafka_consumer.go:162.2,163.100 2 1
github.com/munisp/UmojaFlowOS/services/payment-engine/internal/reconciliation/idem_kafka_consumer.go:163.100,165.3 1 0
github.com/munisp/UmojaFlowOS/services/payment-engine/internal/reconciliation/idem_kafka_consumer.go:166.2,167.18 2 1
github.com/munisp/UmojaFlowOS/services/payment-engine/internal/reconciliation/idem_kafka_consumer.go:167.18,169.3 1 1
github.com/munisp/UmojaFlowOS/services/payment-engine/internal/reconciliation/idem_kafka_consumer.go:170.2,171.16 2 1
github.com/munisp/UmojaFlowOS/services/payment-engine/internal/reconciliation/idem_kafka_consumer.go:171.16,173.3 1 0
github.com/munisp/UmojaFlowOS/services/payment-engine/internal/reconciliation/idem_kafka_consumer.go:174.2,174.15 1 1
github.com/munisp/UmojaFlowOS/services/payment-engine/internal/reconciliation/idem_kafka_consumer.go:174.15,178.3 1 0
github.com/munisp/UmojaFlowOS/services/payment-engine/internal/reconciliation/idem_kafka_consumer.go:179.2,180.16 2 1
github.com/munisp/UmojaFlowOS/services/payment-engine/internal/reconciliation/idem_kafka_consumer.go:180.16,182.3 1 0
github.com/munisp/UmojaFlowOS/services/payment-engine/internal/reconciliation/idem_kafka_consumer.go:183.2,183.145 1 1
github.com/munisp/UmojaFlowOS/services/payment-engine/internal/reconciliation/idem_kafka_consumer.go:183.145,184.99 1 0
github.com/munisp/UmojaFlowOS/services/payment-engine/internal/reconciliation/idem_kafka_consumer.go:184.99,186.4 1 0
github.com/munisp/UmojaFlowOS/services/payment-engine/internal/reconciliation/idem_kafka_consumer.go:187.3,187.78 1 0
github.com/munisp/UmojaFlowOS/services/payment-engine/internal/reconciliation/idem_kafka_consumer.go:189.2,189.88 1 1
github.com/munisp/UmojaFlowOS/services/payment-engine/internal/reconciliation/idem_kafka_consumer.go:189.88,191.3 1 0
github.com/munisp/UmojaFlowOS/services/payment-engine/internal/reconciliation/idem_kafka_consumer.go:192.2,192.28 1 1
github.com/munisp/UmojaFlowOS/services/payment-engine/internal/reconciliation/idem_kafka_consumer.go:192.28,193.107 1 0
github.com/munisp/UmojaFlowOS/services/payment-engine/internal/reconciliation/idem_kafka_consumer.go:193.107,195.4 1 0
github.com/munisp/UmojaFlowOS/services/payment-engine/internal/reconciliation/idem_kafka_consumer.go:196.3,196.82 1 0
github.com/munisp/UmojaFlowOS/services/payment-engine/internal/reconciliation/idem_kafka_consumer.go:198.2,205.16 2 1
github.com/munisp/UmojaFlowOS/services/payment-engine/internal/reconciliation/idem_kafka_consumer.go:205.16,206.109 1 1
github.com/munisp/UmojaFlowOS/services/payment-engine/internal/reconciliation/idem_kafka_consumer.go:206.109,208.4 1 0
github.com/munisp/UmojaFlowOS/services/payment-engine/internal/reconciliation/idem_kafka_consumer.go:209.3,209.54 1 1
github.com/munisp/UmojaFlowOS/services/payment-engine/internal/reconciliation/idem_kafka_consumer.go:211.2,211.21 1 0
github.com/munisp/UmojaFlowOS/services/payment-engine/internal/reconciliation/idem_kafka_consumer.go:211.21,212.103 1 0
github.com/munisp/UmojaFlowOS/services/payment-engine/internal/reconciliation/idem_kafka_consumer.go:212.103,214.4 1 0
github.com/munisp/UmojaFlowOS/services/payment-engine/internal/reconciliation/idem_kafka_consumer.go:215.3,215.82 1 0
github.com/munisp/UmojaFlowOS/services/payment-engine/internal/reconciliation/idem_kafka_consumer.go:217.2,222.17 2 0
github.com/munisp/UmojaFlowOS/services/payment-engine/internal/reconciliation/idem_kafka_consumer.go:222.17,225.129 1 0
github.com/munisp/UmojaFlowOS/services/payment-engine/internal/reconciliation/idem_kafka_consumer.go:225.129,227.4 1 0
github.com/munisp/UmojaFlowOS/services/payment-engine/internal/reconciliation/idem_kafka_consumer.go:228.3,228.66 1 0
github.com/munisp/UmojaFlowOS/services/payment-engine/internal/reconciliation/idem_kafka_consumer.go:230.2,230.96 1 0
github.com/munisp/UmojaFlowOS/services/payment-engine/internal/reconciliation/idem_kafka_consumer.go:230.96,234.3 1 0
github.com/munisp/UmojaFlowOS/services/payment-engine/internal/reconciliation/idem_kafka_consumer.go:235.2,235.81 1 0
github.com/munisp/UmojaFlowOS/services/payment-engine/internal/reconciliation/idem_kafka_consumer.go:238.59,239.121 1 1
github.com/munisp/UmojaFlowOS/services/payment-engine/internal/reconciliation/idem_kafka_consumer.go:239.121,241.3 1 0
github.com/munisp/UmojaFlowOS/services/payment-engine/internal/reconciliation/idem_kafka_consumer.go:242.2,242.116 1 1
github.com/munisp/UmojaFlowOS/services/payment-engine/internal/reconciliation/idem_kafka_consumer.go:242.116,244.3 1 0
github.com/munisp/UmojaFlowOS/services/payment-engine/internal/reconciliation/idem_kafka_consumer.go:245.2,245.43 1 1
github.com/munisp/UmojaFlowOS/services/payment-engine/internal/reconciliation/idem_kafka_consumer.go:245.43,247.3 1 0
github.com/munisp/UmojaFlowOS/services/payment-engine/internal/reconciliation/idem_kafka_consumer.go:248.2,248.12 1 1
github.com/munisp/UmojaFlowOS/services/payment-engine/internal/reconciliation/idem_kafka_consumer.go:251.55,253.2 1 1
github.com/munisp/UmojaFlowOS/services/payment-engine/internal/reconciliation/idem_kafka_consumer.go:255.70,258.31 3 0
github.com/munisp/UmojaFlowOS/services/payment-engine/internal/reconciliation/idem_kafka_consumer.go:258.31,260.3 1 0
github.com/munisp/UmojaFlowOS/services/payment-engine/internal/reconciliation/idem_kafka_consumer.go:261.2,261.13 1 0
github.com/munisp/UmojaFlowOS/services/payment-engine/internal/reconciliation/idem_kafka_consumer.go:261.13,263.3 1 0
github.com/munisp/UmojaFlowOS/services/payment-engine/internal/reconciliation/idem_kafka_consumer.go:264.2,264.11 1 0
github.com/munisp/UmojaFlowOS/services/payment-engine/internal/reconciliation/idem_kafka_consumer.go:271.97,272.66 1 0
github.com/munisp/UmojaFlowOS/services/payment-engine/internal/reconciliation/idem_kafka_consumer.go:272.66,274.3 1 0
github.com/munisp/UmojaFlowOS/services/payment-engine/internal/reconciliation/idem_kafka_consumer.go:275.2,276.16 2 0
github.com/munisp/UmojaFlowOS/services/payment-engine/internal/reconciliation/idem_kafka_consumer.go:276.16,278.3 1 0
github.com/munisp/UmojaFlowOS/services/payment-engine/internal/reconciliation/idem_kafka_consumer.go:279.2,279.105 1 0
github.com/munisp/UmojaFlowOS/services/payment-engine/internal/reconciliation/idem_kafka_consumer.go:279.105,282.3 2 0
github.com/munisp/UmojaFlowOS/services/payment-engine/internal/reconciliation/idem_kafka_consumer.go:283.2,283.16 1 0
github.com/munisp/UmojaFlowOS/services/payment-engine/internal/reconciliation/idem_kafka_consumer.go:286.149,288.16 2 0
github.com/munisp/UmojaFlowOS/services/payment-engine/internal/reconciliation/idem_kafka_consumer.go:288.16,290.3 1 0
github.com/munisp/UmojaFlowOS/services/payment-engine/internal/reconciliation/idem_kafka_consumer.go:291.2,293.16 3 0
github.com/munisp/UmojaFlowOS/services/payment-engine/internal/reconciliation/idem_kafka_consumer.go:293.16,295.3 1 0
github.com/munisp/UmojaFlowOS/services/payment-engine/internal/reconciliation/idem_kafka_consumer.go:296.2,297.201 2 0
github.com/munisp/UmojaFlowOS/services/payment-engine/internal/reconciliation/idem_kafka_consumer.go:297.201,299.3 1 0
github.com/munisp/UmojaFlowOS/services/payment-engine/internal/reconciliation/idem_kafka_consumer.go:300.2,300.36 1 0
github.com/munisp/UmojaFlowOS/services/payment-engine/internal/reconciliation/idem_kafka_consumer.go:300.36,302.3 1 0
github.com/munisp/UmojaFlowOS/services/payment-engine/internal/reconciliation/idem_kafka_consumer.go:303.2,303.22 1 0
github.com/munisp/UmojaFlowOS/services/payment-engine/internal/reconciliation/idem_kafka_consumer.go:306.115,308.16 2 0
github.com/munisp/UmojaFlowOS/services/payment-engine/internal/reconciliation/idem_kafka_consumer.go:308.16,310.3 1 0
github.com/munisp/UmojaFlowOS/services/payment-engine/internal/reconciliation/idem_kafka_consumer.go:311.2,314.16 4 0
github.com/munisp/UmojaFlowOS/services/payment-engine/internal/reconciliation/idem_kafka_consumer.go:314.16,316.3 1 0
github.com/munisp/UmojaFlowOS/services/payment-engine/internal/reconciliation/idem_kafka_consumer.go:317.2,317.36 1 0
github.com/munisp/UmojaFlowOS/services/payment-engine/internal/reconciliation/idem_kafka_consumer.go:317.36,319.3 1 0
github.com/munisp/UmojaFlowOS/services/payment-engine/internal/reconciliation/idem_kafka_consumer.go:320.2,320.17 1 0
github.com/munisp/UmojaFlowOS/services/payment-engine/internal/reconciliation/idem_kafka_consumer.go:323.139,325.2 1 0
github.com/munisp/UmojaFlowOS/services/payment-engine/internal/reconciliation/idem_kafka_consumer.go:326.163,328.2 1 0
github.com/munisp/UmojaFlowOS/services/payment-engine/internal/reconciliation/idem_kafka_consumer.go:329.187,331.16 2 0
github.com/munisp/UmojaFlowOS/services/payment-engine/internal/reconciliation/idem_kafka_consumer.go:331.16,333.3 1 0
github.com/munisp/UmojaFlowOS/services/payment-engine/internal/reconciliation/idem_kafka_consumer.go:334.2,336.16 3 0
github.com/munisp/UmojaFlowOS/services/payment-engine/internal/reconciliation/idem_kafka_consumer.go:336.16,338.3 1 0
github.com/munisp/UmojaFlowOS/services/payment-engine/internal/reconciliation/idem_kafka_consumer.go:339.2,340.16 2 0
github.com/munisp/UmojaFlowOS/services/payment-engine/internal/reconciliation/idem_kafka_consumer.go:340.16,342.3 1 0
github.com/munisp/UmojaFlowOS/services/payment-engine/internal/reconciliation/idem_kafka_consumer.go:343.2,344.20 2 0
github.com/munisp/UmojaFlowOS/services/payment-engine/internal/reconciliation/idem_kafka_consumer.go:346.126,348.16 2 0
github.com/munisp/UmojaFlowOS/services/payment-engine/internal/reconciliation/idem_kafka_consumer.go:348.16,350.3 1 0
github.com/munisp/UmojaFlowOS/services/payment-engine/internal/reconciliation/idem_kafka_consumer.go:351.2,353.16 3 0
github.com/munisp/UmojaFlowOS/services/payment-engine/internal/reconciliation/idem_kafka_consumer.go:353.16,355.3 1 0
github.com/munisp/UmojaFlowOS/services/payment-engine/internal/reconciliation/idem_kafka_consumer.go:356.2,356.40 1 0
github.com/munisp/UmojaFlowOS/services/payment-engine/internal/reconciliation/idem_kafka_consumer.go:356.40,358.3 1 0
github.com/munisp/UmojaFlowOS/services/payment-engine/internal/reconciliation/idem_kafka_consumer.go:359.2,359.20 1 0
github.com/munisp/UmojaFlowOS/services/payment-engine/internal/reconciliation/opa_policy.go:31.112,32.41 1 0
github.com/munisp/UmojaFlowOS/services/payment-engine/internal/reconciliation/opa_policy.go:32.41,34.3 1 0
github.com/munisp/UmojaFlowOS/services/payment-engine/internal/reconciliation/opa_policy.go:35.2,36.16 2 0
github.com/munisp/UmojaFlowOS/services/payment-engine/internal/reconciliation/opa_policy.go:36.16,38.3 1 0
github.com/munisp/UmojaFlowOS/services/payment-engine/internal/reconciliation/opa_policy.go:39.2,40.16 2 0
github.com/munisp/UmojaFlowOS/services/payment-engine/internal/reconciliation/opa_policy.go:40.16,42.3 1 0
github.com/munisp/UmojaFlowOS/services/payment-engine/internal/reconciliation/opa_policy.go:43.2,45.19 3 0
github.com/munisp/UmojaFlowOS/services/payment-engine/internal/reconciliation/opa_policy.go:45.19,47.3 1 0
github.com/munisp/UmojaFlowOS/services/payment-engine/internal/reconciliation/opa_policy.go:48.2,49.16 2 0
github.com/munisp/UmojaFlowOS/services/payment-engine/internal/reconciliation/opa_policy.go:49.16,51.3 1 0
github.com/munisp/UmojaFlowOS/services/payment-engine/internal/reconciliation/opa_policy.go:52.2,53.38 2 0
github.com/munisp/UmojaFlowOS/services/payment-engine/internal/reconciliation/opa_policy.go:53.38,55.3 1 0
github.com/munisp/UmojaFlowOS/services/payment-engine/internal/reconciliation/opa_policy.go:56.2,57.68 2 0
github.com/munisp/UmojaFlowOS/services/payment-engine/internal/reconciliation/opa_policy.go:57.68,59.3 1 0
github.com/munisp/UmojaFlowOS/services/payment-engine/internal/reconciliation/opa_policy.go:60.2,60.27 1 0
github.com/munisp/UmojaFlowOS/services/payment-engine/internal/reconciliation/opa_policy.go:60.27,62.3 1 0
github.com/munisp/UmojaFlowOS/services/payment-engine/internal/reconciliation/opa_policy.go:63.2,63.94 1 0
github.com/munisp/UmojaFlowOS/services/payment-engine/internal/reconciliation/opa_retry.go:25.120,26.33 1 4
github.com/munisp/UmojaFlowOS/services/payment-engine/internal/reconciliation/opa_retry.go:26.33,28.3 1 0
github.com/munisp/UmojaFlowOS/services/payment-engine/internal/reconciliation/opa_retry.go:29.2,30.59 2 4
github.com/munisp/UmojaFlowOS/services/payment-engine/internal/reconciliation/opa_retry.go:30.59,31.38 1 10
github.com/munisp/UmojaFlowOS/services/payment-engine/internal/reconciliation/opa_retry.go:31.38,33.4 1 1
github.com/munisp/UmojaFlowOS/services/payment-engine/internal/reconciliation/opa_retry.go:34.3,38.17 5 9
github.com/munisp/UmojaFlowOS/services/payment-engine/internal/reconciliation/opa_retry.go:38.17,40.4 1 1
github.com/munisp/UmojaFlowOS/services/payment-engine/internal/reconciliation/opa_retry.go:41.3,42.23 2 8
github.com/munisp/UmojaFlowOS/services/payment-engine/internal/reconciliation/opa_retry.go:42.23,44.16 2 5
github.com/munisp/UmojaFlowOS/services/payment-engine/internal/reconciliation/opa_retry.go:44.16,46.5 1 3
github.com/munisp/UmojaFlowOS/services/payment-engine/internal/reconciliation/opa_retry.go:48.3,48.84 1 8
github.com/munisp/UmojaFlowOS/services/payment-engine/internal/reconciliation/opa_retry.go:48.84,50.4 1 0
github.com/munisp/UmojaFlowOS/services/payment-engine/internal/reconciliation/opa_retry.go:51.3,51.34 1 8
github.com/munisp/UmojaFlowOS/services/payment-engine/internal/reconciliation/opa_retry.go:51.34,52.24 1 2
github.com/munisp/UmojaFlowOS/services/payment-engine/internal/reconciliation/opa_retry.go:52.24,54.5 1 1
github.com/munisp/UmojaFlowOS/services/payment-engine/internal/reconciliation/opa_retry.go:55.4,55.9 1 2
github.com/munisp/UmojaFlowOS/services/payment-engine/internal/reconciliation/opa_retry.go:57.3,57.23 1 6
github.com/munisp/UmojaFlowOS/services/payment-engine/internal/reconciliation/opa_retry.go:57.23,59.4 1 4
github.com/munisp/UmojaFlowOS/services/payment-engine/internal/reconciliation/opa_retry.go:60.3,62.10 3 6
github.com/munisp/UmojaFlowOS/services/payment-engine/internal/reconciliation/opa_retry.go:63.24,65.47 2 0
github.com/munisp/UmojaFlowOS/services/payment-engine/internal/reconciliation/opa_retry.go:66.18,66.18 0 6
github.com/munisp/UmojaFlowOS/services/payment-engine/internal/reconciliation/opa_retry.go:69.2,69.120 1 2
github.com/munisp/UmojaFlowOS/services/payment-engine/internal/reconciliation/opa_retry.go:72.56,73.58 1 10
github.com/munisp/UmojaFlowOS/services/payment-engine/internal/reconciliation/opa_retry.go:73.58,75.3 1 4
github.com/munisp/UmojaFlowOS/services/payment-engine/internal/reconciliation/opa_retry.go:76.2,77.49 2 6
github.com/munisp/UmojaFlowOS/services/payment-engine/internal/reconciliation/opa_retry.go:77.49,79.3 1 1
github.com/munisp/UmojaFlowOS/services/payment-engine/internal/reconciliation/opa_retry.go:80.2,81.9 2 5
github.com/munisp/UmojaFlowOS/services/payment-engine/internal/reconciliation/opa_retry.go:82.43,83.24 1 2
github.com/munisp/UmojaFlowOS/services/payment-engine/internal/reconciliation/opa_retry.go:84.43,85.30 1 2
github.com/munisp/UmojaFlowOS/services/payment-engine/internal/reconciliation/opa_retry.go:86.10,87.33 1 1
